// Jest Snapshot v1, https://goo.gl/fbAQLP

exports[`<AddTrackWidget /> renders 1`] = `
<div
  class="makeStyles-root"
>
  <div
    class="MuiPaper-root MuiStepper-root MuiStepper-vertical makeStyles-stepper MuiPaper-elevation0"
  >
    <div
      class="MuiStep-root MuiStep-vertical"
    >
      <span
        class="MuiStepLabel-root MuiStepLabel-vertical"
      >
        <span
          class="MuiStepLabel-iconContainer"
        >
          <svg
            aria-hidden="true"
            class="MuiSvgIcon-root MuiStepIcon-root MuiStepIcon-active"
            focusable="false"
            viewBox="0 0 24 24"
          >
            <circle
              cx="12"
              cy="12"
              r="12"
            />
            <text
              class="MuiStepIcon-text"
              text-anchor="middle"
              x="12"
              y="16"
            >
              1
            </text>
          </svg>
        </span>
        <span
          class="MuiStepLabel-labelContainer"
        >
          <span
            class="MuiTypography-root MuiStepLabel-label MuiStepLabel-active MuiTypography-body2 MuiTypography-displayBlock"
          >
            Enter track data
          </span>
        </span>
      </span>
      <div
        class="MuiStepContent-root"
        icon="1"
      >
        <div
          class="MuiCollapse-root MuiStepContent-transition MuiCollapse-entered"
          style="min-height: 0px;"
        >
          <div
            class="MuiCollapse-wrapper"
          >
            <div
              class="MuiCollapse-wrapperInner"
            >
              <div
                class="makeStyles-root"
              >
                <div
                  class="MuiPaper-root makeStyles-paper MuiPaper-elevation1 MuiPaper-rounded"
                >
                  <label
                    class="MuiFormLabel-root MuiInputLabel-root MuiInputLabel-animated MuiInputLabel-shrink"
                    data-shrink="true"
                    for="callback-editor"
                  >
                    Main file
                  </label>
                  <div
                    class="MuiGrid-root MuiGrid-container MuiGrid-spacing-xs-1 MuiGrid-align-items-xs-center"
                  >
                    <div
                      class="MuiGrid-root MuiGrid-item"
                    >
                      <div
                        aria-label="file or url picker"
                        class="MuiToggleButtonGroup-root"
                        role="group"
                      >
                        <button
                          aria-label="local file"
                          aria-pressed="false"
                          class="MuiButtonBase-root MuiToggleButton-root MuiToggleButtonGroup-grouped MuiToggleButtonGroup-groupedHorizontal"
                          tabindex="0"
                          type="button"
                          value="file"
                        >
                          <span
                            class="MuiToggleButton-label"
                          >
                            File
                          </span>
                          <span
                            class="MuiTouchRipple-root"
                          />
                        </button>
                        <button
                          aria-label="url"
                          aria-pressed="true"
                          class="MuiButtonBase-root MuiToggleButton-root MuiToggleButtonGroup-grouped MuiToggleButtonGroup-groupedHorizontal MuiToggleButton-selected"
                          tabindex="0"
                          type="button"
                          value="url"
                        >
                          <span
                            class="MuiToggleButton-label"
                          >
                            URL
                          </span>
                          <span
                            class="MuiTouchRipple-root"
                          />
                        </button>
                        <button
                          class="MuiButtonBase-root MuiButton-root MuiButton-outlined MuiToggleButtonGroup-grouped MuiToggleButtonGroup-groupedHorizontal MuiButton-outlinedSizeSmall MuiButton-sizeSmall"
                          style="min-width: 5px;"
                          tabindex="0"
                          type="button"
                          value="selection"
                        >
                          <span
                            class="MuiButton-label"
                          >
                            <svg
                              aria-hidden="true"
                              class="MuiSvgIcon-root"
                              focusable="false"
                              viewBox="0 0 24 24"
                            >
                              <path
                                d="M7 10l5 5 5-5z"
                              />
                            </svg>
                          </span>
                          <span
                            class="MuiTouchRipple-root"
                          />
                        </button>
                      </div>
                    </div>
                    <div
                      class="MuiGrid-root"
                    >
                      <button
                        class="MuiButtonBase-root MuiButton-root MuiButton-contained MuiButton-containedPrimary"
                        style="min-width: 15px;"
                        tabindex="0"
                        title="Add Account for Authentication"
                        type="button"
                      >
                        <span
                          class="MuiButton-label"
                        >
                          <svg
                            aria-hidden="true"
                            class="MuiSvgIcon-root"
                            focusable="false"
                            viewBox="0 0 24 24"
                          >
                            <path
                              d="M19 13h-6v6h-2v-6H5v-2h6V5h2v6h6v2z"
                            />
                          </svg>
                        </span>
                        <span
                          class="MuiTouchRipple-root"
                        />
                      </button>
                    </div>
                    <div
                      class="MuiGrid-root MuiGrid-item"
                    >
                      <div
                        class="MuiFormControl-root MuiTextField-root MuiFormControl-fullWidth"
                      >
                        <label
                          class="MuiFormLabel-root MuiInputLabel-root MuiInputLabel-formControl MuiInputLabel-animated"
                          data-shrink="false"
                        >
                          Enter URL
                        </label>
                        <div
                          class="MuiInputBase-root MuiInput-root MuiInput-underline MuiInputBase-fullWidth MuiInput-fullWidth MuiInputBase-formControl MuiInput-formControl"
                        >
                          <input
                            aria-invalid="false"
                            class="MuiInputBase-input MuiInput-input"
                            data-testid="urlInput"
                            type="text"
                            value=""
                          />
                        </div>
                      </div>
                    </div>
                  </div>
                  <p
                    class="MuiFormHelperText-root"
                  />
                  <label
                    class="MuiFormLabel-root MuiInputLabel-root MuiInputLabel-animated MuiInputLabel-shrink"
                    data-shrink="true"
                    for="callback-editor"
                  >
                    Index file
                  </label>
                  <div
                    class="MuiGrid-root MuiGrid-container MuiGrid-spacing-xs-1 MuiGrid-align-items-xs-center"
                  >
                    <div
                      class="MuiGrid-root MuiGrid-item"
                    >
                      <div
                        aria-label="file or url picker"
                        class="MuiToggleButtonGroup-root"
                        role="group"
                      >
                        <button
                          aria-label="local file"
                          aria-pressed="false"
                          class="MuiButtonBase-root MuiToggleButton-root MuiToggleButtonGroup-grouped MuiToggleButtonGroup-groupedHorizontal"
                          tabindex="0"
                          type="button"
                          value="file"
                        >
                          <span
                            class="MuiToggleButton-label"
                          >
                            File
                          </span>
                          <span
                            class="MuiTouchRipple-root"
                          />
                        </button>
                        <button
                          aria-label="url"
                          aria-pressed="true"
                          class="MuiButtonBase-root MuiToggleButton-root MuiToggleButtonGroup-grouped MuiToggleButtonGroup-groupedHorizontal MuiToggleButton-selected"
                          tabindex="0"
                          type="button"
                          value="url"
                        >
                          <span
                            class="MuiToggleButton-label"
                          >
                            URL
                          </span>
                          <span
                            class="MuiTouchRipple-root"
                          />
                        </button>
                        <button
                          class="MuiButtonBase-root MuiButton-root MuiButton-outlined MuiToggleButtonGroup-grouped MuiToggleButtonGroup-groupedHorizontal MuiButton-outlinedSizeSmall MuiButton-sizeSmall"
                          style="min-width: 5px;"
                          tabindex="0"
                          type="button"
                          value="selection"
                        >
                          <span
                            class="MuiButton-label"
                          >
                            <svg
                              aria-hidden="true"
                              class="MuiSvgIcon-root"
                              focusable="false"
                              viewBox="0 0 24 24"
                            >
                              <path
                                d="M7 10l5 5 5-5z"
                              />
                            </svg>
                          </span>
                          <span
                            class="MuiTouchRipple-root"
                          />
                        </button>
                      </div>
                    </div>
                    <div
                      class="MuiGrid-root"
                    >
                      <button
                        class="MuiButtonBase-root MuiButton-root MuiButton-contained MuiButton-containedPrimary"
                        style="min-width: 15px;"
                        tabindex="0"
                        title="Add Account for Authentication"
                        type="button"
                      >
                        <span
                          class="MuiButton-label"
                        >
                          <svg
                            aria-hidden="true"
                            class="MuiSvgIcon-root"
                            focusable="false"
                            viewBox="0 0 24 24"
                          >
                            <path
                              d="M19 13h-6v6h-2v-6H5v-2h6V5h2v6h6v2z"
                            />
                          </svg>
                        </span>
                        <span
                          class="MuiTouchRipple-root"
                        />
                      </button>
                    </div>
                    <div
                      class="MuiGrid-root MuiGrid-item"
                    >
                      <div
                        class="MuiFormControl-root MuiTextField-root MuiFormControl-fullWidth"
                      >
                        <label
                          class="MuiFormLabel-root MuiInputLabel-root MuiInputLabel-formControl MuiInputLabel-animated"
                          data-shrink="false"
                        >
                          Enter URL
                        </label>
                        <div
                          class="MuiInputBase-root MuiInput-root MuiInput-underline MuiInputBase-fullWidth MuiInput-fullWidth MuiInputBase-formControl MuiInput-formControl"
                        >
                          <input
                            aria-invalid="false"
                            class="MuiInputBase-input MuiInput-input"
                            data-testid="urlInput"
                            type="text"
                            value=""
                          />
                        </div>
                      </div>
                    </div>
                  </div>
                  <p
                    class="MuiFormHelperText-root"
                  >
                    The URL of the index file is automatically inferred from the URL of the main file if it is not supplied.
                  </p>
                </div>
              </div>
              <div
                class="makeStyles-actionsContainer"
              >
                <button
                  class="MuiButtonBase-root MuiButton-root MuiButton-text makeStyles-button MuiButton-disabled MuiButtonBase-disabled"
                  disabled=""
                  tabindex="-1"
                  type="button"
                >
                  <span
                    class="MuiButton-label"
                  >
                    Back
                  </span>
                </button>
                <button
                  class="MuiButtonBase-root MuiButton-root MuiButton-contained makeStyles-button MuiButton-containedPrimary MuiButton-disabled MuiButtonBase-disabled"
                  data-testid="addTrackNextButton"
                  disabled=""
                  tabindex="-1"
                  type="button"
                >
                  <span
                    class="MuiButton-label"
                  >
                    Next
                  </span>
                </button>
              </div>
            </div>
          </div>
        </div>
      </div>
    </div>
    <div
      class="MuiStepConnector-root MuiStepConnector-vertical MuiStepConnector-disabled"
    >
      <span
        class="MuiStepConnector-line MuiStepConnector-lineVertical"
      />
    </div>
    <div
      class="MuiStep-root MuiStep-vertical"
    >
      <span
        class="MuiStepLabel-root MuiStepLabel-vertical MuiStepLabel-disabled"
      >
        <span
          class="MuiStepLabel-iconContainer"
        >
          <svg
            aria-hidden="true"
            class="MuiSvgIcon-root MuiStepIcon-root"
            focusable="false"
            viewBox="0 0 24 24"
          >
            <circle
              cx="12"
              cy="12"
              r="12"
            />
            <text
              class="MuiStepIcon-text"
              text-anchor="middle"
              x="12"
              y="16"
            >
              2
            </text>
          </svg>
        </span>
        <span
          class="MuiStepLabel-labelContainer"
        >
          <span
            class="MuiTypography-root MuiStepLabel-label MuiTypography-body2 MuiTypography-displayBlock"
          >
            Confirm track type
          </span>
        </span>
      </span>
      <div
        class="MuiStepContent-root MuiStepContent-last"
        disabled=""
        icon="2"
      />
    </div>
  </div>
</div>
`;
