// Jest Snapshot v1, https://goo.gl/fbAQLP

exports[`JBrowseWebSessionModel creates with no parent and just a name 1`] = `
Object {
  "activeWidgets": Object {},
  "codonTable": "  AAs  = FFLLSSSSYY**CC*WLLLLPPPPHHQQRRRRIIIMTTTTNNKKSSRRVVVVAAAADDEEGGGG
Starts = ---M------**--*----M---------------M----------------------------
Base1  = TTTTTTTTTTTTTTTTCCCCCCCCCCCCCCCCAAAAAAAAAAAAAAAAGGGGGGGGGGGGGGGG
Base2  = TTTTCCCCAAAAGGGGTTTTCCCCAAAAGGGGTTTTCCCCAAAAGGGGTTTTCCCCAAAAGGGG
Base3  = TCAGTCAGTCAGTCAGTCAGTCAGTCAGTCAGTCAGTCAGTCAGTCAGTCAGTCAGTCAGTCAG",
  "connectionInstances": Array [],
  "drawerPosition": "right",
  "drawerWidth": 384,
  "margin": 0,
  "minimized": false,
  "name": "testSession",
  "sessionAssemblies": Array [],
  "sessionConnections": Array [],
  "sessionPlugins": Array [],
  "sessionTracks": Array [],
  "views": Array [],
  "widgets": Object {},
}
`;
