// Jest Snapshot v1, https://goo.gl/fbAQLP

exports[`text-index Indexes a local non-gz gff3 file 1`] = `
"au9.g1000 WyJHcm91cDEuMzY6MTY4MjU1Li4xNzM5NTEiLCJhdTlfc2NhZmZvbGQiLCJhdTkuZzEwMDAiLCJhdTkuZzEwMDAiXQ==,1
au9.g1000.t1 WyJHcm91cDEuMzY6MTY4MjU1Li4xNzM5NTEiLCJhdTlfc2NhZmZvbGQiLCJhdTkuZzEwMDAudDEiLCJhdTkuZzEwMDAudDEiXQ==,1
au9.g1001 WyJHcm91cDEuMzY6MTc0MzY0Li4xNzYzMDQiLCJhdTlfc2NhZmZvbGQiLCJhdTkuZzEwMDEiLCJhdTkuZzEwMDEiXQ==,1
au9.g1001.t1 WyJHcm91cDEuMzY6MTc0MzY0Li4xNzYzMDQiLCJhdTlfc2NhZmZvbGQiLCJhdTkuZzEwMDEudDEiLCJhdTkuZzEwMDEudDEiXQ==,1
au9.g1002 WyJHcm91cDEuMzY6MTc2OTc1Li4xODA3NDQiLCJhdTlfc2NhZmZvbGQiLCJhdTkuZzEwMDIiLCJhdTkuZzEwMDIiXQ==,1
au9.g1002.t1 WyJHcm91cDEuMzY6MTc2OTc1Li4xODA3NDQiLCJhdTlfc2NhZmZvbGQiLCJhdTkuZzEwMDIudDEiLCJhdTkuZzEwMDIudDEiXQ==,1
au9.g1003 WyJHcm91cDEuMzY6MTgwODQ2Li4xODQ4NTQiLCJhdTlfc2NhZmZvbGQiLCJhdTkuZzEwMDMiLCJhdTkuZzEwMDMiXQ==,1
au9.g1003.t1 WyJHcm91cDEuMzY6MTgwODQ2Li4xODQ4NTQiLCJhdTlfc2NhZmZvbGQiLCJhdTkuZzEwMDMudDEiLCJhdTkuZzEwMDMudDEiXQ==,1
au9.g1004 WyJHcm91cDEuMzY6MTg3MTE1Li4xOTUyMjQiLCJhdTlfc2NhZmZvbGQiLCJhdTkuZzEwMDQiLCJhdTkuZzEwMDQiXQ==,1
au9.g1004.t"
`;

exports[`text-index Indexes a local non-gz gff3 file 2`] = `
"NhZmZvbGQiLCJhdTkuZzk5NSIsImF1OS5nOTk1Il0=,1
au9.g995.t1 WyJHcm91cDEuMzY6MTQ3NTIwLi4xNTA0MTQiLCJhdTlfc2NhZmZvbGQiLCJhdTkuZzk5NS50MSIsImF1OS5nOTk1LnQxIl0=,1
au9.g996 WyJHcm91cDEuMzY6MTUwNTM5Li4xNTI4NTQiLCJhdTlfc2NhZmZvbGQiLCJhdTkuZzk5NiIsImF1OS5nOTk2Il0=,1
au9.g996.t1 WyJHcm91cDEuMzY6MTUwNTM5Li4xNTI4NTQiLCJhdTlfc2NhZmZvbGQiLCJhdTkuZzk5Ni50MSIsImF1OS5nOTk2LnQxIl0=,1
au9.g997 WyJHcm91cDEuMzY6MTU0NDk1Li4xNTYyOTQiLCJhdTlfc2NhZmZvbGQiLCJhdTkuZzk5NyIsImF1OS5nOTk3Il0=,1
au9.g997.t1 WyJHcm91cDEuMzY6MTU0NDk1Li4xNTYyOTQiLCJhdTlfc2NhZmZvbGQiLCJhdTkuZzk5Ny50MSIsImF1OS5nOTk3LnQxIl0=,1
au9.g998 WyJHcm91cDEuMzY6MTU3NDk1Li4xNjQ2ODUiLCJhdTlfc2NhZmZvbGQiLCJhdTkuZzk5OCIsImF1OS5nOTk4Il0=,1
au9.g998.t1 WyJHcm91cDEuMzY6MTU3NDk1Li4xNjQ2ODUiLCJhdTlfc2NhZmZvbGQiLCJhdTkuZzk5OC50MSIsImF1OS5nOTk4LnQxIl0=,1
au9.g999 WyJHcm91cDEuMzY6MTY1NTU4Li4xNjY5ODQiLCJhdTlfc2NhZmZvbGQiLCJhdTkuZzk5OSIsImF1OS5nOTk5Il0=,1
au9.g999.t1 WyJHcm91cDEuMzY6MTY1NTU4Li4xNjY5ODQiLCJhdTlfc2NhZmZvbGQiLCJhdTkuZzk5OS50MSIsImF1OS5nOTk5LnQxIl0=,1
"
`;

exports[`text-index Indexes a local non-gz gff3 file 3`] = `144314`;

exports[`text-index Indexes a local non-gz gff3 file 4`] = `
"au9.g0000000000
"
`;

exports[`text-index tracks Indexes a local gz gff3 file 1`] = `" WyJjdGdBOjEuLjUwMDAxIiwiZ2ZmM3RhYml4X2dlbmVzIiwiY3RnQSIsbnVsbF0=,2 WyJjdGdBOjEwMDAuLjIwMDAiLCJnZmYzdGFiaXhfZ2VuZXMiLCJSZW1hcms6aGdhIixudWxsXQ==,2 WyJjdGdBOjEwNTAuLjE1MDAiLCJnZmYzdGFiaXhfZ2VuZXMiLCJhZ3Q4MzAuNSIsbnVsbF0=,2 WyJjdGdBOjEwNTAuLjE1MDAiLCJnZmYzdGFiaXhfZ2VuZXMiLCJhZ3QyMjEuNSIsbnVsbF0=,2 WyJjdGdBOjExMDAuLjIwMDAiLCJnZmYzdGFiaXhfZ2VuZXMiLCJHZW5lOmhnYSIsbnVsbF0=,2 WyJjdGdBOjExNTAuLjE1MDAiLCJnZmYzdGFiaXhfZ2VuZXMiLCJhZ3Q3NjcuNSIsbnVsbF0=,2 WyJjdGdBOjEyMDAuLjE5MDAiLCJnZmYzdGFiaXhfZ2VuZXMiLCJQcm90ZWluOkhHQSIsbnVsbF0=,2 WyJjdGdBOjE2MDAuLjMwMDAiLCJnZmYzdGFiaXhfZ2VuZXMiLCJHZW5lOmhnYiIsbnVsbF0=,2 WyJjdGdBOjE2NTkuLjE5ODQiLCJnZmYzdGFiaXhfZ2VuZXMiLCJmMDciLG51bGxd,2 WyJjdGdBOjE4MDAuLjI5MDAiLCJnZmYzdGFiaXhfZ2VuZXMiLCJQcm90ZWluOkhHQiIsbnVsbF0=,2 WyJjdGdBOjMwMDAuLjMyMDIiLCJnZmYzdGFiaXhfZ2VuZXMiLCJhZ3Q4MzAuNSIsbnVsbF0=,2 WyJjdGdBOjMwMTQuLjYxMzAiLCJnZmYzdGFiaXhfZ2VuZXMiLCJmMDYiLG51bGxd,2 WyJjdGdBOjQ3MTUuLjU5NjgiLCJnZmYzdGFiaXhfZ2VuZXMiLCJmMDUiLG51bGxd,2 WyJjdGdBOjUwMDAuLjU1MDAiLCJnZmYzdGFiaXhfZ2Vu"`;

exports[`text-index tracks Indexes a local gz gff3 file 2`] = `
"IsInNlZzE1IixudWxsXQ==,1 WyJjdGdBOjQxNDkyLi40MTUwNCIsImdmZjN0YWJpeF9nZW5lcyIsInNlZzE1IixudWxsXQ==,1 WyJjdGdBOjQxOTQxLi40MjM3NyIsImdmZjN0YWJpeF9nZW5lcyIsInNlZzE1IixudWxsXQ==,1 WyJjdGdBOjQyNzQ4Li40Mjk1NCIsImdmZjN0YWJpeF9nZW5lcyIsInNlZzE1IixudWxsXQ==,1 WyJjdGdBOjQzNDAxLi40Mzg5NyIsImdmZjN0YWJpeF9nZW5lcyIsInNlZzE1IixudWxsXQ==,1 WyJjdGdBOjQ0MDQzLi40NDExMyIsImdmZjN0YWJpeF9nZW5lcyIsInNlZzE1IixudWxsXQ==,1 WyJjdGdBOjQ0Mzk5Li40NDg4OCIsImdmZjN0YWJpeF9nZW5lcyIsInNlZzE1IixudWxsXQ==,1 WyJjdGdBOjQ1MjgxLi40NTM3NSIsImdmZjN0YWJpeF9nZW5lcyIsInNlZzE1IixudWxsXQ==,1 WyJjdGdBOjQ1NzExLi40NjA0MSIsImdmZjN0YWJpeF9nZW5lcyIsInNlZzE1IixudWxsXQ==,1 WyJjdGdBOjQ2NDI1Li40NjU2NCIsImdmZjN0YWJpeF9nZW5lcyIsInNlZzE1IixudWxsXQ==,1 WyJjdGdBOjQ2NzM4Li40NzA4NyIsImdmZjN0YWJpeF9nZW5lcyIsInNlZzE1IixudWxsXQ==,1 WyJjdGdBOjQ3MzI5Li40NzU5NSIsImdmZjN0YWJpeF9nZW5lcyIsInNlZzE1IixudWxsXQ==,1 WyJjdGdBOjQ3ODU4Li40Nzk3OSIsImdmZjN0YWJpeF9nZW5lcyIsInNlZzE1IixudWxsXQ==,1 WyJjdGdBOjQ4MTY5Li40ODQ1MyIsImdmZjN0YWJpeF9nZW5lcyIsInNlZzE1IixudWxsXQ==,1
"
`;

exports[`text-index tracks Indexes a local gz gff3 file 3`] = `31889`;

exports[`text-index tracks Indexes a local gz gff3 file 4`] = `
"     0000000000
"
`;

exports[`text-index tracks Indexes a remote and a local file 1`] = `" WyJjdGdBOjEuLjUwMDAxIiwiZ2ZmM3RhYml4X2dlbmVzIiwiY3RnQSIsbnVsbF0=,2 WyJjdGdBOjEwMDAuLjIwMDAiLCJnZmYzdGFiaXhfZ2VuZXMiLCJSZW1hcms6aGdhIixudWxsXQ==,2 WyJjdGdBOjEwNTAuLjE1MDAiLCJnZmYzdGFiaXhfZ2VuZXMiLCJhZ3Q4MzAuNSIsbnVsbF0=,2 WyJjdGdBOjEwNTAuLjE1MDAiLCJnZmYzdGFiaXhfZ2VuZXMiLCJhZ3QyMjEuNSIsbnVsbF0=,2 WyJjdGdBOjExMDAuLjIwMDAiLCJnZmYzdGFiaXhfZ2VuZXMiLCJHZW5lOmhnYSIsbnVsbF0=,2 WyJjdGdBOjExNTAuLjE1MDAiLCJnZmYzdGFiaXhfZ2VuZXMiLCJhZ3Q3NjcuNSIsbnVsbF0=,2 WyJjdGdBOjEyMDAuLjE5MDAiLCJnZmYzdGFiaXhfZ2VuZXMiLCJQcm90ZWluOkhHQSIsbnVsbF0=,2 WyJjdGdBOjE2MDAuLjMwMDAiLCJnZmYzdGFiaXhfZ2VuZXMiLCJHZW5lOmhnYiIsbnVsbF0=,2 WyJjdGdBOjE2NTkuLjE5ODQiLCJnZmYzdGFiaXhfZ2VuZXMiLCJmMDciLG51bGxd,2 WyJjdGdBOjE4MDAuLjI5MDAiLCJnZmYzdGFiaXhfZ2VuZXMiLCJQcm90ZWluOkhHQiIsbnVsbF0=,2 WyJjdGdBOjMwMDAuLjMyMDIiLCJnZmYzdGFiaXhfZ2VuZXMiLCJhZ3Q4MzAuNSIsbnVsbF0=,2 WyJjdGdBOjMwMTQuLjYxMzAiLCJnZmYzdGFiaXhfZ2VuZXMiLCJmMDYiLG51bGxd,2 WyJjdGdBOjQ3MTUuLjU5NjgiLCJnZmYzdGFiaXhfZ2VuZXMiLCJmMDUiLG51bGxd,2 WyJjdGdBOjUwMDAuLjU1MDAiLCJnZmYzdGFiaXhfZ2Vu"`;

exports[`text-index tracks Indexes a remote and a local file 2`] = `
"IsInNlZzE1IixudWxsXQ==,1 WyJjdGdBOjQxNDkyLi40MTUwNCIsImdmZjN0YWJpeF9nZW5lcyIsInNlZzE1IixudWxsXQ==,1 WyJjdGdBOjQxOTQxLi40MjM3NyIsImdmZjN0YWJpeF9nZW5lcyIsInNlZzE1IixudWxsXQ==,1 WyJjdGdBOjQyNzQ4Li40Mjk1NCIsImdmZjN0YWJpeF9nZW5lcyIsInNlZzE1IixudWxsXQ==,1 WyJjdGdBOjQzNDAxLi40Mzg5NyIsImdmZjN0YWJpeF9nZW5lcyIsInNlZzE1IixudWxsXQ==,1 WyJjdGdBOjQ0MDQzLi40NDExMyIsImdmZjN0YWJpeF9nZW5lcyIsInNlZzE1IixudWxsXQ==,1 WyJjdGdBOjQ0Mzk5Li40NDg4OCIsImdmZjN0YWJpeF9nZW5lcyIsInNlZzE1IixudWxsXQ==,1 WyJjdGdBOjQ1MjgxLi40NTM3NSIsImdmZjN0YWJpeF9nZW5lcyIsInNlZzE1IixudWxsXQ==,1 WyJjdGdBOjQ1NzExLi40NjA0MSIsImdmZjN0YWJpeF9nZW5lcyIsInNlZzE1IixudWxsXQ==,1 WyJjdGdBOjQ2NDI1Li40NjU2NCIsImdmZjN0YWJpeF9nZW5lcyIsInNlZzE1IixudWxsXQ==,1 WyJjdGdBOjQ2NzM4Li40NzA4NyIsImdmZjN0YWJpeF9nZW5lcyIsInNlZzE1IixudWxsXQ==,1 WyJjdGdBOjQ3MzI5Li40NzU5NSIsImdmZjN0YWJpeF9nZW5lcyIsInNlZzE1IixudWxsXQ==,1 WyJjdGdBOjQ3ODU4Li40Nzk3OSIsImdmZjN0YWJpeF9nZW5lcyIsInNlZzE1IixudWxsXQ==,1 WyJjdGdBOjQ4MTY5Li40ODQ1MyIsImdmZjN0YWJpeF9nZW5lcyIsInNlZzE1IixudWxsXQ==,1
"
`;

exports[`text-index tracks Indexes a remote and a local file 3`] = `186859`;

exports[`text-index tracks Indexes a remote and a local file 4`] = `
"     0000000000
au9.g0000003F83
b101.0000029CDD
"
`;

exports[`text-index tracks Indexes a remote gz gff3 file 1`] = `" WyJjdGdBOjEuLjUwMDAxIiwib25saW5lX2dmZjN0YWJpeF9nZW5lcyIsImN0Z0EiLG51bGxd,2 WyJjdGdBOjEwMDAuLjIwMDAiLCJvbmxpbmVfZ2ZmM3RhYml4X2dlbmVzIiwiUmVtYXJrOmhnYSIsbnVsbF0=,2 WyJjdGdBOjEwNTAuLjE1MDAiLCJvbmxpbmVfZ2ZmM3RhYml4X2dlbmVzIiwiYWd0ODMwLjUiLG51bGxd,2 WyJjdGdBOjEwNTAuLjE1MDAiLCJvbmxpbmVfZ2ZmM3RhYml4X2dlbmVzIiwiYWd0MjIxLjUiLG51bGxd,2 WyJjdGdBOjExMDAuLjIwMDAiLCJvbmxpbmVfZ2ZmM3RhYml4X2dlbmVzIiwiR2VuZTpoZ2EiLG51bGxd,2 WyJjdGdBOjExNTAuLjE1MDAiLCJvbmxpbmVfZ2ZmM3RhYml4X2dlbmVzIiwiYWd0NzY3LjUiLG51bGxd,2 WyJjdGdBOjEyMDAuLjE5MDAiLCJvbmxpbmVfZ2ZmM3RhYml4X2dlbmVzIiwiUHJvdGVpbjpIR0EiLG51bGxd,2 WyJjdGdBOjE2MDAuLjMwMDAiLCJvbmxpbmVfZ2ZmM3RhYml4X2dlbmVzIiwiR2VuZTpoZ2IiLG51bGxd,2 WyJjdGdBOjE2NTkuLjE5ODQiLCJvbmxpbmVfZ2ZmM3RhYml4X2dlbmVzIiwiZjA3IixudWxsXQ==,2 WyJjdGdBOjE4MDAuLjI5MDAiLCJvbmxpbmVfZ2ZmM3RhYml4X2dlbmVzIiwiUHJvdGVpbjpIR0IiLG51bGxd,2 WyJjdGdBOjMwMDAuLjMyMDIiLCJvbmxpbmVfZ2ZmM3RhYml4X2dlbmVzIiwiYWd0ODMwLjUiLG51bGxd,2 WyJjdGdBOjMwMTQuLjYxMzAiLCJvbmxpbmVfZ2ZmM3RhYml4X2dlbmVzIiwiZjA2IixudWxsXQ==,2 WyJjdGd"`;

exports[`text-index tracks Indexes a remote gz gff3 file 2`] = `
"=,1 WyJjdGdBOjQxOTQxLi40MjM3NyIsIm9ubGluZV9nZmYzdGFiaXhfZ2VuZXMiLCJzZWcxNSIsbnVsbF0=,1 WyJjdGdBOjQyNzQ4Li40Mjk1NCIsIm9ubGluZV9nZmYzdGFiaXhfZ2VuZXMiLCJzZWcxNSIsbnVsbF0=,1 WyJjdGdBOjQzNDAxLi40Mzg5NyIsIm9ubGluZV9nZmYzdGFiaXhfZ2VuZXMiLCJzZWcxNSIsbnVsbF0=,1 WyJjdGdBOjQ0MDQzLi40NDExMyIsIm9ubGluZV9nZmYzdGFiaXhfZ2VuZXMiLCJzZWcxNSIsbnVsbF0=,1 WyJjdGdBOjQ0Mzk5Li40NDg4OCIsIm9ubGluZV9nZmYzdGFiaXhfZ2VuZXMiLCJzZWcxNSIsbnVsbF0=,1 WyJjdGdBOjQ1MjgxLi40NTM3NSIsIm9ubGluZV9nZmYzdGFiaXhfZ2VuZXMiLCJzZWcxNSIsbnVsbF0=,1 WyJjdGdBOjQ1NzExLi40NjA0MSIsIm9ubGluZV9nZmYzdGFiaXhfZ2VuZXMiLCJzZWcxNSIsbnVsbF0=,1 WyJjdGdBOjQ2NDI1Li40NjU2NCIsIm9ubGluZV9nZmYzdGFiaXhfZ2VuZXMiLCJzZWcxNSIsbnVsbF0=,1 WyJjdGdBOjQ2NzM4Li40NzA4NyIsIm9ubGluZV9nZmYzdGFiaXhfZ2VuZXMiLCJzZWcxNSIsbnVsbF0=,1 WyJjdGdBOjQ3MzI5Li40NzU5NSIsIm9ubGluZV9nZmYzdGFiaXhfZ2VuZXMiLCJzZWcxNSIsbnVsbF0=,1 WyJjdGdBOjQ3ODU4Li40Nzk3OSIsIm9ubGluZV9nZmYzdGFiaXhfZ2VuZXMiLCJzZWcxNSIsbnVsbF0=,1 WyJjdGdBOjQ4MTY5Li40ODQ1MyIsIm9ubGluZV9nZmYzdGFiaXhfZ2VuZXMiLCJzZWcxNSIsbnVsbF0=,1
"
`;

exports[`text-index tracks Indexes a remote gz gff3 file 3`] = `35373`;

exports[`text-index tracks Indexes a remote gz gff3 file 4`] = `
"     0000000000
"
`;

exports[`text-index tracks Indexes a remote non-gz gff3 file 1`] = `
"au9.g1000 WyJHcm91cDEuMzY6MTY4MjU1Li4xNzM5NTEiLCJvbmxpbmVfYXU5X3NjYWZmb2xkIiwiYXU5LmcxMDAwIiwiYXU5LmcxMDAwIl0=,1
au9.g1000.t1 WyJHcm91cDEuMzY6MTY4MjU1Li4xNzM5NTEiLCJvbmxpbmVfYXU5X3NjYWZmb2xkIiwiYXU5LmcxMDAwLnQxIiwiYXU5LmcxMDAwLnQxIl0=,1
au9.g1001 WyJHcm91cDEuMzY6MTc0MzY0Li4xNzYzMDQiLCJvbmxpbmVfYXU5X3NjYWZmb2xkIiwiYXU5LmcxMDAxIiwiYXU5LmcxMDAxIl0=,1
au9.g1001.t1 WyJHcm91cDEuMzY6MTc0MzY0Li4xNzYzMDQiLCJvbmxpbmVfYXU5X3NjYWZmb2xkIiwiYXU5LmcxMDAxLnQxIiwiYXU5LmcxMDAxLnQxIl0=,1
au9.g1002 WyJHcm91cDEuMzY6MTc2OTc1Li4xODA3NDQiLCJvbmxpbmVfYXU5X3NjYWZmb2xkIiwiYXU5LmcxMDAyIiwiYXU5LmcxMDAyIl0=,1
au9.g1002.t1 WyJHcm91cDEuMzY6MTc2OTc1Li4xODA3NDQiLCJvbmxpbmVfYXU5X3NjYWZmb2xkIiwiYXU5LmcxMDAyLnQxIiwiYXU5LmcxMDAyLnQxIl0=,1
au9.g1003 WyJHcm91cDEuMzY6MTgwODQ2Li4xODQ4NTQiLCJvbmxpbmVfYXU5X3NjYWZmb2xkIiwiYXU5LmcxMDAzIiwiYXU5LmcxMDAzIl0=,1
au9.g1003.t1 WyJHcm91cDEuMzY6MTgwODQ2Li4xODQ4NTQiLCJvbmxpbmVfYXU5X3NjYWZmb2xkIiwiYXU5LmcxMDAzLnQxIiwiYXU5LmcxMDAzLnQxIl0=,1
au9.g1004 WyJHcm91cDEuMzY6MTg3MTE1Li4xOTUyMjQiLCJvbm"
`;

exports[`text-index tracks Indexes a remote non-gz gff3 file 2`] = `
"6MTQ3NTIwLi4xNTA0MTQiLCJvbmxpbmVfYXU5X3NjYWZmb2xkIiwiYXU5Lmc5OTUudDEiLCJhdTkuZzk5NS50MSJd,1
au9.g996 WyJHcm91cDEuMzY6MTUwNTM5Li4xNTI4NTQiLCJvbmxpbmVfYXU5X3NjYWZmb2xkIiwiYXU5Lmc5OTYiLCJhdTkuZzk5NiJd,1
au9.g996.t1 WyJHcm91cDEuMzY6MTUwNTM5Li4xNTI4NTQiLCJvbmxpbmVfYXU5X3NjYWZmb2xkIiwiYXU5Lmc5OTYudDEiLCJhdTkuZzk5Ni50MSJd,1
au9.g997 WyJHcm91cDEuMzY6MTU0NDk1Li4xNTYyOTQiLCJvbmxpbmVfYXU5X3NjYWZmb2xkIiwiYXU5Lmc5OTciLCJhdTkuZzk5NyJd,1
au9.g997.t1 WyJHcm91cDEuMzY6MTU0NDk1Li4xNTYyOTQiLCJvbmxpbmVfYXU5X3NjYWZmb2xkIiwiYXU5Lmc5OTcudDEiLCJhdTkuZzk5Ny50MSJd,1
au9.g998 WyJHcm91cDEuMzY6MTU3NDk1Li4xNjQ2ODUiLCJvbmxpbmVfYXU5X3NjYWZmb2xkIiwiYXU5Lmc5OTgiLCJhdTkuZzk5OCJd,1
au9.g998.t1 WyJHcm91cDEuMzY6MTU3NDk1Li4xNjQ2ODUiLCJvbmxpbmVfYXU5X3NjYWZmb2xkIiwiYXU5Lmc5OTgudDEiLCJhdTkuZzk5OC50MSJd,1
au9.g999 WyJHcm91cDEuMzY6MTY1NTU4Li4xNjY5ODQiLCJvbmxpbmVfYXU5X3NjYWZmb2xkIiwiYXU5Lmc5OTkiLCJhdTkuZzk5OSJd,1
au9.g999.t1 WyJHcm91cDEuMzY6MTY1NTU4Li4xNjY5ODQiLCJvbmxpbmVfYXU5X3NjYWZmb2xkIiwiYXU5Lmc5OTkudDEiLCJhdTkuZzk5OS50MSJd,1
"
`;

exports[`text-index tracks Indexes a remote non-gz gff3 file 3`] = `154970`;

exports[`text-index tracks Indexes a remote non-gz gff3 file 4`] = `
"au9.g0000000000
"
`;

exports[`text-index tracks Indexes multiple local gff3 files 1`] = `" WyJjdGdBOjEuLjUwMDAxIiwiZ2ZmM3RhYml4X2dlbmVzIiwiY3RnQSIsbnVsbF0=,2 WyJjdGdBOjEwMDAuLjIwMDAiLCJnZmYzdGFiaXhfZ2VuZXMiLCJSZW1hcms6aGdhIixudWxsXQ==,2 WyJjdGdBOjEwNTAuLjE1MDAiLCJnZmYzdGFiaXhfZ2VuZXMiLCJhZ3Q4MzAuNSIsbnVsbF0=,2 WyJjdGdBOjEwNTAuLjE1MDAiLCJnZmYzdGFiaXhfZ2VuZXMiLCJhZ3QyMjEuNSIsbnVsbF0=,2 WyJjdGdBOjExMDAuLjIwMDAiLCJnZmYzdGFiaXhfZ2VuZXMiLCJHZW5lOmhnYSIsbnVsbF0=,2 WyJjdGdBOjExNTAuLjE1MDAiLCJnZmYzdGFiaXhfZ2VuZXMiLCJhZ3Q3NjcuNSIsbnVsbF0=,2 WyJjdGdBOjEyMDAuLjE5MDAiLCJnZmYzdGFiaXhfZ2VuZXMiLCJQcm90ZWluOkhHQSIsbnVsbF0=,2 WyJjdGdBOjE2MDAuLjMwMDAiLCJnZmYzdGFiaXhfZ2VuZXMiLCJHZW5lOmhnYiIsbnVsbF0=,2 WyJjdGdBOjE2NTkuLjE5ODQiLCJnZmYzdGFiaXhfZ2VuZXMiLCJmMDciLG51bGxd,2 WyJjdGdBOjE4MDAuLjI5MDAiLCJnZmYzdGFiaXhfZ2VuZXMiLCJQcm90ZWluOkhHQiIsbnVsbF0=,2 WyJjdGdBOjMwMDAuLjMyMDIiLCJnZmYzdGFiaXhfZ2VuZXMiLCJhZ3Q4MzAuNSIsbnVsbF0=,2 WyJjdGdBOjMwMTQuLjYxMzAiLCJnZmYzdGFiaXhfZ2VuZXMiLCJmMDYiLG51bGxd,2 WyJjdGdBOjQ3MTUuLjU5NjgiLCJnZmYzdGFiaXhfZ2VuZXMiLCJmMDUiLG51bGxd,2 WyJjdGdBOjUwMDAuLjU1MDAiLCJnZmYzdGFiaXhfZ2Vu"`;

exports[`text-index tracks Indexes multiple local gff3 files 2`] = `
"IsInNlZzE1IixudWxsXQ==,1 WyJjdGdBOjQxNDkyLi40MTUwNCIsImdmZjN0YWJpeF9nZW5lcyIsInNlZzE1IixudWxsXQ==,1 WyJjdGdBOjQxOTQxLi40MjM3NyIsImdmZjN0YWJpeF9nZW5lcyIsInNlZzE1IixudWxsXQ==,1 WyJjdGdBOjQyNzQ4Li40Mjk1NCIsImdmZjN0YWJpeF9nZW5lcyIsInNlZzE1IixudWxsXQ==,1 WyJjdGdBOjQzNDAxLi40Mzg5NyIsImdmZjN0YWJpeF9nZW5lcyIsInNlZzE1IixudWxsXQ==,1 WyJjdGdBOjQ0MDQzLi40NDExMyIsImdmZjN0YWJpeF9nZW5lcyIsInNlZzE1IixudWxsXQ==,1 WyJjdGdBOjQ0Mzk5Li40NDg4OCIsImdmZjN0YWJpeF9nZW5lcyIsInNlZzE1IixudWxsXQ==,1 WyJjdGdBOjQ1MjgxLi40NTM3NSIsImdmZjN0YWJpeF9nZW5lcyIsInNlZzE1IixudWxsXQ==,1 WyJjdGdBOjQ1NzExLi40NjA0MSIsImdmZjN0YWJpeF9nZW5lcyIsInNlZzE1IixudWxsXQ==,1 WyJjdGdBOjQ2NDI1Li40NjU2NCIsImdmZjN0YWJpeF9nZW5lcyIsInNlZzE1IixudWxsXQ==,1 WyJjdGdBOjQ2NzM4Li40NzA4NyIsImdmZjN0YWJpeF9nZW5lcyIsInNlZzE1IixudWxsXQ==,1 WyJjdGdBOjQ3MzI5Li40NzU5NSIsImdmZjN0YWJpeF9nZW5lcyIsInNlZzE1IixudWxsXQ==,1 WyJjdGdBOjQ3ODU4Li40Nzk3OSIsImdmZjN0YWJpeF9nZW5lcyIsInNlZzE1IixudWxsXQ==,1 WyJjdGdBOjQ4MTY5Li40ODQ1MyIsImdmZjN0YWJpeF9nZW5lcyIsInNlZzE1IixudWxsXQ==,1
"
`;

exports[`text-index tracks Indexes multiple local gff3 files 3`] = `176203`;

exports[`text-index tracks Indexes multiple local gff3 files 4`] = `
"     0000000000
au9.g0000003F83
b101.000002733D
"
`;

exports[`text-index tracks Indexes multiple remote gff3 file 1`] = `" WyJjdGdBOjEuLjUwMDAxIiwib25saW5lX2dmZjN0YWJpeF9nZW5lcyIsImN0Z0EiLG51bGxd,2 WyJjdGdBOjEwMDAuLjIwMDAiLCJvbmxpbmVfZ2ZmM3RhYml4X2dlbmVzIiwiUmVtYXJrOmhnYSIsbnVsbF0=,2 WyJjdGdBOjEwNTAuLjE1MDAiLCJvbmxpbmVfZ2ZmM3RhYml4X2dlbmVzIiwiYWd0ODMwLjUiLG51bGxd,2 WyJjdGdBOjEwNTAuLjE1MDAiLCJvbmxpbmVfZ2ZmM3RhYml4X2dlbmVzIiwiYWd0MjIxLjUiLG51bGxd,2 WyJjdGdBOjExMDAuLjIwMDAiLCJvbmxpbmVfZ2ZmM3RhYml4X2dlbmVzIiwiR2VuZTpoZ2EiLG51bGxd,2 WyJjdGdBOjExNTAuLjE1MDAiLCJvbmxpbmVfZ2ZmM3RhYml4X2dlbmVzIiwiYWd0NzY3LjUiLG51bGxd,2 WyJjdGdBOjEyMDAuLjE5MDAiLCJvbmxpbmVfZ2ZmM3RhYml4X2dlbmVzIiwiUHJvdGVpbjpIR0EiLG51bGxd,2 WyJjdGdBOjE2MDAuLjMwMDAiLCJvbmxpbmVfZ2ZmM3RhYml4X2dlbmVzIiwiR2VuZTpoZ2IiLG51bGxd,2 WyJjdGdBOjE2NTkuLjE5ODQiLCJvbmxpbmVfZ2ZmM3RhYml4X2dlbmVzIiwiZjA3IixudWxsXQ==,2 WyJjdGdBOjE4MDAuLjI5MDAiLCJvbmxpbmVfZ2ZmM3RhYml4X2dlbmVzIiwiUHJvdGVpbjpIR0IiLG51bGxd,2 WyJjdGdBOjMwMDAuLjMyMDIiLCJvbmxpbmVfZ2ZmM3RhYml4X2dlbmVzIiwiYWd0ODMwLjUiLG51bGxd,2 WyJjdGdBOjMwMTQuLjYxMzAiLCJvbmxpbmVfZ2ZmM3RhYml4X2dlbmVzIiwiZjA2IixudWxsXQ==,2 WyJjdGd"`;

exports[`text-index tracks Indexes multiple remote gff3 file 2`] = `
"=,1 WyJjdGdBOjQxOTQxLi40MjM3NyIsIm9ubGluZV9nZmYzdGFiaXhfZ2VuZXMiLCJzZWcxNSIsbnVsbF0=,1 WyJjdGdBOjQyNzQ4Li40Mjk1NCIsIm9ubGluZV9nZmYzdGFiaXhfZ2VuZXMiLCJzZWcxNSIsbnVsbF0=,1 WyJjdGdBOjQzNDAxLi40Mzg5NyIsIm9ubGluZV9nZmYzdGFiaXhfZ2VuZXMiLCJzZWcxNSIsbnVsbF0=,1 WyJjdGdBOjQ0MDQzLi40NDExMyIsIm9ubGluZV9nZmYzdGFiaXhfZ2VuZXMiLCJzZWcxNSIsbnVsbF0=,1 WyJjdGdBOjQ0Mzk5Li40NDg4OCIsIm9ubGluZV9nZmYzdGFiaXhfZ2VuZXMiLCJzZWcxNSIsbnVsbF0=,1 WyJjdGdBOjQ1MjgxLi40NTM3NSIsIm9ubGluZV9nZmYzdGFiaXhfZ2VuZXMiLCJzZWcxNSIsbnVsbF0=,1 WyJjdGdBOjQ1NzExLi40NjA0MSIsIm9ubGluZV9nZmYzdGFiaXhfZ2VuZXMiLCJzZWcxNSIsbnVsbF0=,1 WyJjdGdBOjQ2NDI1Li40NjU2NCIsIm9ubGluZV9nZmYzdGFiaXhfZ2VuZXMiLCJzZWcxNSIsbnVsbF0=,1 WyJjdGdBOjQ2NzM4Li40NzA4NyIsIm9ubGluZV9nZmYzdGFiaXhfZ2VuZXMiLCJzZWcxNSIsbnVsbF0=,1 WyJjdGdBOjQ3MzI5Li40NzU5NSIsIm9ubGluZV9nZmYzdGFiaXhfZ2VuZXMiLCJzZWcxNSIsbnVsbF0=,1 WyJjdGdBOjQ3ODU4Li40Nzk3OSIsIm9ubGluZV9nZmYzdGFiaXhfZ2VuZXMiLCJzZWcxNSIsbnVsbF0=,1 WyJjdGdBOjQ4MTY5Li40ODQ1MyIsIm9ubGluZV9nZmYzdGFiaXhfZ2VuZXMiLCJzZWcxNSIsbnVsbF0=,1
"
`;

exports[`text-index tracks Indexes multiple remote gff3 file 3`] = `190343`;

exports[`text-index tracks Indexes multiple remote gff3 file 4`] = `
"     0000000000
au9.g0000004683
b101.000002A3DD
"
`;
